../Drivers/CMSIS/Include/core_cm4.h:2059:26:ITM_SendChar	16	static,ignoring_inline_asm
../Core/Src/main.c:85:5:main	8	static
../Core/Src/main.c:131:6:SystemClock_Config	96	static
../Core/Src/main.c:177:13:MX_SPI3_Init	8	static
../Core/Src/main.c:217:13:MX_GPIO_Init	48	static
../Core/Src/main.c:276:6:Error_Handler	4	static,ignoring_inline_asm
../Core/Src/main.c:287:6:TIM2_IRQHandler	4	static
../Core/Src/main.c:314:5:_write	32	static
../Core/Src/main.c:322:6:handleState	72	static
../Core/Src/main.c:387:5:isMoving	4	static
../Core/Src/main.c:395:6:lostMessage	4	static
